// Jest Snapshot v1, https://goo.gl/fbAQLP

exports[`App should keep an up-to-date snapshot of App 1`] = `
<main
  className="App"
>
  <header>
    <h1
      className="app-title"
    >
      My Order History Test
    </h1>
    <Form
      addPurchase={[Function]}
    />
  </header>
  <Container
    deletePurchase={[Function]}
    orders={Array []}
  />
</main>
`;
